ID 257 gen 16 top level 5 path www
ID 258 gen 16 top level 5 path mirror
ID 259 gen 16 top level 5 path ftp
ID 260 gen 16 top level 5 path tftpboot

