ID 257 gen 16 top level 5 path @
ID 258 gen 16 top level 257 path www
ID 259 gen 16 top level 257 path mirror
ID 260 gen 16 top level 257 path ftp
ID 261 gen 16 top level 257 path tftpboot
