ID 257 gen 16 top level 5 path shared
ID 258 gen 16 top level 5 path private

